2026-01-27 14:38:35 | INFO    | B2_local__9ae44f48__20260127T133835Z | __main__ | Unified log file: /Users/au728490/OneDrive - Aarhus universitet/PhD_AU/Python_Scripts/DiffusionModels/SBGM_SD/sbgm/logs/B2_local__HR_prcp_DANRA__SIZE_128x128__LR_prcp_ERA5__LOSS_sdfweighted__HEADS_4__TIMESTEPS_56/B2_local__9ae44f48__20260127T133835Z.log
2026-01-27 14:38:35 | INFO    | B2_local__9ae44f48__20260127T133835Z | __main__ | === ENTERED SBGM_SD MAIN APP ===
2026-01-27 14:38:35 | INFO    | B2_local__9ae44f48__20260127T133835Z | __main__ | Experiment      : B2_local
2026-01-27 14:38:35 | INFO    | B2_local__9ae44f48__20260127T133835Z | __main__ | Mode            : full_pipeline
2026-01-27 14:38:35 | INFO    | B2_local__9ae44f48__20260127T133835Z | __main__ | Config          : /Users/au728490/OneDrive - Aarhus universitet/PhD_AU/Python_Scripts/DiffusionModels/SBGM_SD/sbgm/config/paper1_test_local.yaml
2026-01-27 14:38:35 | INFO    | B2_local__9ae44f48__20260127T133835Z | __main__ | Run dir         : /Users/au728490/OneDrive - Aarhus universitet/PhD_AU/Python_Scripts/DiffusionModels/SBGM_SD/sbgm/logs/B2_local__HR_prcp_DANRA__SIZE_128x128__LR_prcp_ERA5__LOSS_sdfweighted__HEADS_4__TIMESTEPS_56
2026-01-27 14:38:35 | INFO    | B2_local__9ae44f48__20260127T133835Z | __main__ | Log file        : /Users/au728490/OneDrive - Aarhus universitet/PhD_AU/Python_Scripts/DiffusionModels/SBGM_SD/sbgm/logs/B2_local__HR_prcp_DANRA__SIZE_128x128__LR_prcp_ERA5__LOSS_sdfweighted__HEADS_4__TIMESTEPS_56/B2_local__9ae44f48__20260127T133835Z.log
2026-01-27 14:38:35 | INFO    | B2_local__9ae44f48__20260127T133835Z | __main__ | Model key       : B2_local__HR_prcp_DANRA__SIZE_128x128__LR_prcp_ERA5__LOSS_sdfweighted__HEADS_4__TIMESTEPS_56
2026-01-27 14:38:35 | INFO    | B2_local__9ae44f48__20260127T133835Z | __main__ | Cfg hash        : 9ae44f48
2026-01-27 14:38:35 | INFO    | B2_local__9ae44f48__20260127T133835Z | sbgm.logging_utils | 
════════════════════════
   TRAINING START
════════════════════════
2026-01-27 14:38:35 | INFO    | B2_local__9ae44f48__20260127T133835Z | sbgm.training_main | 

=== Starting SBGM_SD Training Pipeline ===
2026-01-27 14:38:35 | INFO    | B2_local__9ae44f48__20260127T133835Z | sbgm.training_main |           Experiment name: B2_local
2026-01-27 14:38:35 | INFO    | B2_local__9ae44f48__20260127T133835Z | sbgm.training_main |           ▸ CUDA is not available, using CPU instead.
2026-01-27 14:38:35 | INFO    | B2_local__9ae44f48__20260127T133835Z | sbgm.training_utils | 
Using HR data type: DANRA prcp [mm]
2026-01-27 14:38:35 | INFO    | B2_local__9ae44f48__20260127T133835Z | sbgm.training_utils | Using LR data type 1: ERA5 prcp [mm]
2026-01-27 14:38:35 | INFO    | B2_local__9ae44f48__20260127T133835Z | sbgm.training_utils | 

High-resolution data size: (128, 128)
2026-01-27 14:38:35 | INFO    | B2_local__9ae44f48__20260127T133835Z | sbgm.training_utils | Low-resolution data size: (128, 128)
2026-01-27 14:38:35 | INFO    | B2_local__9ae44f48__20260127T133835Z | sbgm.training_utils | SDF weighted loss enabled. Setting lsm and topo to true.

2026-01-27 14:38:35 | INFO    | B2_local__9ae44f48__20260127T133835Z | sbgm.training_utils | Using geographical features for sampling.

2026-01-27 14:38:36 | INFO    | B2_local__9ae44f48__20260127T133835Z | sbgm.training_utils | 


Number of training samples: 70
2026-01-27 14:38:36 | INFO    | B2_local__9ae44f48__20260127T133835Z | sbgm.training_utils | Number of validation samples: 15
2026-01-27 14:38:36 | INFO    | B2_local__9ae44f48__20260127T133835Z | sbgm.training_utils | Cache size for training: 35
2026-01-27 14:38:36 | INFO    | B2_local__9ae44f48__20260127T133835Z | sbgm.training_utils | Cache size for validation: 7



2026-01-27 14:38:36 | INFO    | B2_local__9ae44f48__20260127T133835Z | sbgm.data_modules | Loading zarr group for condition prcp
2026-01-27 14:38:36 | INFO    | B2_local__9ae44f48__20260127T133835Z | sbgm.data_modules | [data] LR channel layout summary:
  LR conditions        : ['prcp']
  Main LR condition    : prcp
  dual_lr              : False
  lr_main_var_scale    : LR
  channel order        : ['prcp']
  channel slices       : {'prcp': {'main': (0, 1)}}
  channel spaces       : {'prcp': {'main': 'lr_stats'}}
  total LR channels    : 1
2026-01-27 14:38:36 | INFO    | B2_local__9ae44f48__20260127T133835Z | sbgm.data_modules | Not using fixed cutout for HR.
2026-01-27 14:38:36 | INFO    | B2_local__9ae44f48__20260127T133835Z | sbgm.data_modules | Not using fixed cutout for LR.
2026-01-27 14:38:36 | INFO    | B2_local__9ae44f48__20260127T133835Z | sbgm.data_modules | LR condition: prcp, scaling method: log_zscore
2026-01-27 14:38:36 | INFO    | B2_local__9ae44f48__20260127T133835Z | sbgm.special_transforms | Loading stats from /Users/au728490/OneDrive - Aarhus universitet/PhD_AU/Python_Scripts/DiffusionModels/SBGM_SD/data_analysis_pipeline/saved/statistics_run/stats/ERA5/prcp/train/global_stats__ERA5__589x789__crop__170_350_340_520__prcp__train.json
2026-01-27 14:38:36 | INFO    | B2_local__9ae44f48__20260127T133835Z | sbgm.data_modules | Main LR condition 'prcp' scaled using 'LR' stats from model 'ERA5'.
2026-01-27 14:38:36 | INFO    | B2_local__9ae44f48__20260127T133835Z | sbgm.data_modules | [data] LR transform for 'prcp': single-channel → space=lr_stats
2026-01-27 14:38:36 | INFO    | B2_local__9ae44f48__20260127T133835Z | sbgm.special_transforms | Loading stats from /Users/au728490/OneDrive - Aarhus universitet/PhD_AU/Python_Scripts/DiffusionModels/SBGM_SD/data_analysis_pipeline/saved/statistics_run/stats/DANRA/prcp/train/global_stats__DANRA__589x789__crop__170_350_340_520__prcp__train.json
2026-01-27 14:38:36 | INFO    | B2_local__9ae44f48__20260127T133835Z | sbgm.data_modules | Topography will be scaled to [-1, 1] interval.
2026-01-27 14:38:36 | INFO    | B2_local__9ae44f48__20260127T133835Z | sbgm.data_modules | Loading zarr group for condition prcp
2026-01-27 14:38:36 | INFO    | B2_local__9ae44f48__20260127T133835Z | sbgm.data_modules | [data] LR channel layout summary:
  LR conditions        : ['prcp']
  Main LR condition    : prcp
  dual_lr              : False
  lr_main_var_scale    : LR
  channel order        : ['prcp']
  channel slices       : {'prcp': {'main': (0, 1)}}
  channel spaces       : {'prcp': {'main': 'lr_stats'}}
  total LR channels    : 1
2026-01-27 14:38:36 | INFO    | B2_local__9ae44f48__20260127T133835Z | sbgm.data_modules | Not using fixed cutout for HR.
2026-01-27 14:38:36 | INFO    | B2_local__9ae44f48__20260127T133835Z | sbgm.data_modules | Not using fixed cutout for LR.
2026-01-27 14:38:36 | INFO    | B2_local__9ae44f48__20260127T133835Z | sbgm.data_modules | LR condition: prcp, scaling method: log_zscore
2026-01-27 14:38:36 | INFO    | B2_local__9ae44f48__20260127T133835Z | sbgm.special_transforms | Loading stats from /Users/au728490/OneDrive - Aarhus universitet/PhD_AU/Python_Scripts/DiffusionModels/SBGM_SD/data_analysis_pipeline/saved/statistics_run/stats/ERA5/prcp/train/global_stats__ERA5__589x789__crop__170_350_340_520__prcp__train.json
2026-01-27 14:38:36 | INFO    | B2_local__9ae44f48__20260127T133835Z | sbgm.data_modules | Main LR condition 'prcp' scaled using 'LR' stats from model 'ERA5'.
2026-01-27 14:38:36 | INFO    | B2_local__9ae44f48__20260127T133835Z | sbgm.data_modules | [data] LR transform for 'prcp': single-channel → space=lr_stats
2026-01-27 14:38:36 | INFO    | B2_local__9ae44f48__20260127T133835Z | sbgm.special_transforms | Loading stats from /Users/au728490/OneDrive - Aarhus universitet/PhD_AU/Python_Scripts/DiffusionModels/SBGM_SD/data_analysis_pipeline/saved/statistics_run/stats/DANRA/prcp/train/global_stats__DANRA__589x789__crop__170_350_340_520__prcp__train.json
2026-01-27 14:38:36 | INFO    | B2_local__9ae44f48__20260127T133835Z | sbgm.data_modules | Topography will be scaled to [-1, 1] interval.
2026-01-27 14:38:36 | INFO    | B2_local__9ae44f48__20260127T133835Z | sbgm.data_modules | Loading zarr group for condition prcp
2026-01-27 14:38:36 | INFO    | B2_local__9ae44f48__20260127T133835Z | sbgm.data_modules | [data] LR channel layout summary:
  LR conditions        : ['prcp']
  Main LR condition    : prcp
  dual_lr              : False
  lr_main_var_scale    : LR
  channel order        : ['prcp']
  channel slices       : {'prcp': {'main': (0, 1)}}
  channel spaces       : {'prcp': {'main': 'lr_stats'}}
  total LR channels    : 1
2026-01-27 14:38:36 | INFO    | B2_local__9ae44f48__20260127T133835Z | sbgm.data_modules | Using fixed cutout for HR with bounds: [200, 328, 380, 508]
2026-01-27 14:38:36 | INFO    | B2_local__9ae44f48__20260127T133835Z | sbgm.data_modules | Using fixed cutout for LR with bounds: [200, 328, 380, 508]
2026-01-27 14:38:36 | INFO    | B2_local__9ae44f48__20260127T133835Z | sbgm.data_modules | Using N=15 fixed sequential dates for generation split starting at index 0.
2026-01-27 14:38:36 | INFO    | B2_local__9ae44f48__20260127T133835Z | sbgm.data_modules | LR condition: prcp, scaling method: log_zscore
2026-01-27 14:38:36 | INFO    | B2_local__9ae44f48__20260127T133835Z | sbgm.special_transforms | Loading stats from /Users/au728490/OneDrive - Aarhus universitet/PhD_AU/Python_Scripts/DiffusionModels/SBGM_SD/data_analysis_pipeline/saved/statistics_run/stats/ERA5/prcp/train/global_stats__ERA5__589x789__crop__170_350_340_520__prcp__train.json
2026-01-27 14:38:36 | INFO    | B2_local__9ae44f48__20260127T133835Z | sbgm.data_modules | Main LR condition 'prcp' scaled using 'LR' stats from model 'ERA5'.
2026-01-27 14:38:36 | INFO    | B2_local__9ae44f48__20260127T133835Z | sbgm.data_modules | [data] LR transform for 'prcp': single-channel → space=lr_stats
2026-01-27 14:38:36 | INFO    | B2_local__9ae44f48__20260127T133835Z | sbgm.special_transforms | Loading stats from /Users/au728490/OneDrive - Aarhus universitet/PhD_AU/Python_Scripts/DiffusionModels/SBGM_SD/data_analysis_pipeline/saved/statistics_run/stats/DANRA/prcp/train/global_stats__DANRA__589x789__crop__170_350_340_520__prcp__train.json
2026-01-27 14:38:36 | INFO    | B2_local__9ae44f48__20260127T133835Z | sbgm.data_modules | Topography will be scaled to [-1, 1] interval.
2026-01-27 14:38:36 | INFO    | B2_local__9ae44f48__20260127T133835Z | sbgm.training_utils | [seasonal] conditional=True, sin/cos=True, leap_years=True

2026-01-27 14:38:36 | INFO    | B2_local__9ae44f48__20260127T133835Z | sbgm.training_utils | 
Training dataset: 70 samples
2026-01-27 14:38:36 | INFO    | B2_local__9ae44f48__20260127T133835Z | sbgm.training_utils | Validation dataset: 15 samples
2026-01-27 14:38:36 | INFO    | B2_local__9ae44f48__20260127T133835Z | sbgm.training_utils | Generation dataset: 15 samples

2026-01-27 14:38:36 | INFO    | B2_local__9ae44f48__20260127T133835Z | sbgm.training_utils | Batch size: 4
2026-01-27 14:38:36 | INFO    | B2_local__9ae44f48__20260127T133835Z | sbgm.training_utils | Number of workers: 0

2026-01-27 14:38:36 | INFO    | B2_local__9ae44f48__20260127T133835Z | sbgm.data_modules | [data][sample0] prcp_lr shape=(1, 128, 128) (expected channels=1)
2026-01-27 14:38:36 | INFO    | B2_local__9ae44f48__20260127T133835Z | sbgm.data_modules | [data][sample0] prcp_lr stats (per-channel): {'min': 0.5321157574653625, 'max': 0.8697500824928284, 'mean': 0.7420243620872498, 'std': 0.07924502342939377}
2026-01-27 14:38:36 | INFO    | B2_local__9ae44f48__20260127T133835Z | sbgm.training_main |           date: 19961105
2026-01-27 14:38:36 | INFO    | B2_local__9ae44f48__20260127T133835Z | sbgm.training_main |           prcp_lr: torch.Size([1, 128, 128])
2026-01-27 14:38:36 | INFO    | B2_local__9ae44f48__20260127T133835Z | sbgm.training_main |               prcp_lr device: cpu
2026-01-27 14:38:36 | INFO    | B2_local__9ae44f48__20260127T133835Z | sbgm.training_main |           prcp_hr: torch.Size([1, 128, 128])
2026-01-27 14:38:36 | INFO    | B2_local__9ae44f48__20260127T133835Z | sbgm.training_main |               prcp_hr device: cpu
2026-01-27 14:38:36 | INFO    | B2_local__9ae44f48__20260127T133835Z | sbgm.training_main |           lsm_hr: torch.Size([1, 128, 128])
2026-01-27 14:38:36 | INFO    | B2_local__9ae44f48__20260127T133835Z | sbgm.training_main |               lsm_hr device: cpu
2026-01-27 14:38:36 | INFO    | B2_local__9ae44f48__20260127T133835Z | sbgm.training_main |           lsm: torch.Size([1, 128, 128])
2026-01-27 14:38:36 | INFO    | B2_local__9ae44f48__20260127T133835Z | sbgm.training_main |               lsm device: cpu
2026-01-27 14:38:36 | INFO    | B2_local__9ae44f48__20260127T133835Z | sbgm.training_main |           topo: torch.Size([1, 128, 128])
2026-01-27 14:38:36 | INFO    | B2_local__9ae44f48__20260127T133835Z | sbgm.training_main |               topo device: cpu
2026-01-27 14:38:36 | INFO    | B2_local__9ae44f48__20260127T133835Z | sbgm.training_main |           y: torch.Size([2])
2026-01-27 14:38:36 | INFO    | B2_local__9ae44f48__20260127T133835Z | sbgm.training_main |               y device: cpu
2026-01-27 14:38:36 | INFO    | B2_local__9ae44f48__20260127T133835Z | sbgm.training_main |           sdf: torch.Size([1, 128, 128])
2026-01-27 14:38:36 | INFO    | B2_local__9ae44f48__20260127T133835Z | sbgm.training_main |               sdf device: cpu
2026-01-27 14:38:36 | INFO    | B2_local__9ae44f48__20260127T133835Z | sbgm.training_main |           hr_points: [179, 307, 375, 503]
2026-01-27 14:38:36 | INFO    | B2_local__9ae44f48__20260127T133835Z | sbgm.training_main |           lr_points: [179, 307, 375, 503]
2026-01-27 14:38:36 | INFO    | B2_local__9ae44f48__20260127T133835Z | sbgm.training_main | 

          ▸ Saved initial sample plot to /Users/au728490/OneDrive - Aarhus universitet/PhD_AU/Python_Scripts/DiffusionModels/SBGM_SD/models_and_samples/generated_samples/samples/B2_local__HR_prcp_DANRA__SIZE_128x128__LR_prcp_ERA5__LOSS_sdfweighted__HEADS_4__TIMESTEPS_56/Figures/Initial_sample_plot.png
2026-01-27 14:38:36 | INFO    | B2_local__9ae44f48__20260127T133835Z | sbgm.training_utils | Input channels: 3
2026-01-27 14:38:36 | INFO    | B2_local__9ae44f48__20260127T133835Z | sbgm.training_utils | Output channels: 1
2026-01-27 14:38:36 | INFO    | B2_local__9ae44f48__20260127T133835Z | sbgm.training_utils | Using device: cpu
2026-01-27 14:38:36 | INFO    | B2_local__9ae44f48__20260127T133835Z | sbgm.training_utils | [MODEL] use_resize_conv: False, decoder_norm: group, decoder_gn_groups: 8, decoder_activation: SiLU
2026-01-27 14:38:37 | INFO    | B2_local__9ae44f48__20260127T133835Z | sbgm.training_main |           ▸ Using learning rate scheduler: ReduceLROnPlateau
2026-01-27 14:38:37 | WARNING | B2_local__9ae44f48__20260127T133835Z | py.warnings | /Users/au728490/opt/anaconda3/envs/torch/lib/python3.11/site-packages/torch/optim/lr_scheduler.py:28: UserWarning: The verbose parameter is deprecated. Please use get_last_lr() to access the learning rate.
  warnings.warn("The verbose parameter is deprecated. Please use get_last_lr() "

2026-01-27 14:38:37 | INFO    | B2_local__9ae44f48__20260127T133835Z | sbgm.training | [train] LR channel layout (cfg mirror):
  lr_vars            : ['prcp']
  main_lr_cond       : prcp
  slices             : {'prcp': {'main': (0, 1)}}
  spaces             : {'prcp': {'main': 'lr_stats'}}
  n_channels_total   : 1
2026-01-27 14:38:37 | INFO    | B2_local__9ae44f48__20260127T133835Z | sbgm.training | Determined LR scaling method for target variable 'prcp': log_zscore
2026-01-27 14:38:37 | INFO    | B2_local__9ae44f48__20260127T133835Z | sbgm.training | → RainGate auxiliary head enabled
2026-01-27 14:38:37 | INFO    | B2_local__9ae44f48__20260127T133835Z | sbgm.training | → Model weights initialized with Xavier uniform initialization.
2026-01-27 14:38:37 | INFO    | B2_local__9ae44f48__20260127T133835Z | sbgm.training | → Checkpoint directory already exists at /Users/au728490/OneDrive - Aarhus universitet/PhD_AU/Python_Scripts/DiffusionModels/SBGM_SD/models_and_samples/trained_models
2026-01-27 14:38:37 | INFO    | B2_local__9ae44f48__20260127T133835Z | sbgm.training | → Rain gating head enabled: True, c_hidden: 1
2026-01-27 14:38:37 | INFO    | B2_local__9ae44f48__20260127T133835Z | sbgm.training_main |           ▸ No checkpoint found at /Users/au728490/OneDrive - Aarhus universitet/PhD_AU/Python_Scripts/DiffusionModels/SBGM_SD/models_and_samples/trained_models. Starting training from scratch.
2026-01-27 14:38:37 | INFO    | B2_local__9ae44f48__20260127T133835Z | sbgm.training_main | 

          ▸ Using CPU for training.
2026-01-27 14:38:37 | INFO    | B2_local__9ae44f48__20260127T133835Z | sbgm.training_main |           ▸ Number of parameters in model: 18,101,315
2026-01-27 14:38:37 | INFO    | B2_local__9ae44f48__20260127T133835Z | sbgm.training_main |           ▸ Number of trainable parameters in model: 18,101,315
2026-01-27 14:38:37 | INFO    | B2_local__9ae44f48__20260127T133835Z | sbgm.training_main |           ▸ Number of non-trainable parameters in model: 0
2026-01-27 14:38:37 | INFO    | B2_local__9ae44f48__20260127T133835Z | sbgm.training_main | 

          === STARTING TRAINING MAIN LOOP ===

2026-01-27 14:38:37 | INFO    | B2_local__9ae44f48__20260127T133835Z | sbgm.training | → Classifier-Free Guidance (CFG) enabled: False
2026-01-27 14:38:37 | INFO    | B2_local__9ae44f48__20260127T133835Z | sbgm.training | → EMA enabled: False; decay: 0.999; eval_use_ema: False
2026-01-27 14:38:37 | INFO    | B2_local__9ae44f48__20260127T133835Z | sbgm.training | 

      ▸ Starting epoch 1/2...
2026-01-27 14:38:37 | INFO    | B2_local__9ae44f48__20260127T133835Z | sbgm.training | [train] edm.predict_residual=False → lr_ups_baseline not built; residual diagnostics will be None (expected).
2026-01-27 14:38:48 | INFO    | B2_local__9ae44f48__20260127T133835Z | sbgm.training | → Epoch 1 completed: Avg. training Loss: 0.8822
2026-01-27 14:38:48 | INFO    | B2_local__9ae44f48__20260127T133835Z | sbgm.data_modules | [data][sample0] prcp_lr shape=(1, 128, 128) (expected channels=1)
2026-01-27 14:38:48 | INFO    | B2_local__9ae44f48__20260127T133835Z | sbgm.data_modules | [data][sample0] prcp_lr stats (per-channel): {'min': 0.30535370111465454, 'max': 0.8409940600395203, 'mean': 0.6778043508529663, 'std': 0.12446814775466919}
2026-01-27 14:38:48 | INFO    | B2_local__9ae44f48__20260127T133835Z | sbgm.training | [val] edm.predict_residual=False → lr_ups_baseline not built (expected).
2026-01-27 14:38:48 | INFO    | B2_local__9ae44f48__20260127T133835Z | sbgm.training | → [monitor][val] Step 0: EDM cosine metric: 0.8298
2026-01-27 14:38:48 | INFO    | B2_local__9ae44f48__20260127T133835Z | sbgm.training | → [monitor][val] Step 0: HR-LR corr: 0.4693
2026-01-27 14:38:49 | INFO    | B2_local__9ae44f48__20260127T133835Z | sbgm.training | [debug][rain_gate] Saved reliability plot to /Users/au728490/OneDrive - Aarhus universitet/PhD_AU/Python_Scripts/DiffusionModels/SBGM_SD/models_and_samples/generated_samples/samples/B2_local__HR_prcp_DANRA__SIZE_128x128__LR_prcp_ERA5__LOSS_sdfweighted__HEADS_4__TIMESTEPS_56/Figures/metrics/debug/reliability_epoch001.png
2026-01-27 14:38:49 | INFO    | B2_local__9ae44f48__20260127T133835Z | sbgm.training | → Validation Loss: 0.8146
2026-01-27 14:38:49 | INFO    | B2_local__9ae44f48__20260127T133835Z | sbgm.training | → Learning rate after epoch 1: 0.000200
2026-01-27 14:38:50 | INFO    | B2_local__9ae44f48__20260127T133835Z | sbgm.training | → Best model saved with validation loss: 0.8146 at epoch 1.
2026-01-27 14:38:50 | INFO    | B2_local__9ae44f48__20260127T133835Z | sbgm.training | → Checkpoint saved to /Users/au728490/OneDrive - Aarhus universitet/PhD_AU/Python_Scripts/DiffusionModels/SBGM_SD/models_and_samples/trained_models/B2_local__HR_prcp_DANRA__SIZE_128x128__LR_prcp_ERA5__LOSS_sdfweighted__HEADS_4__TIMESTEPS_56.pth.tar
2026-01-27 14:38:50 | INFO    | B2_local__9ae44f48__20260127T133835Z | sbgm.training | → Losses plot saved to /Users/au728490/OneDrive - Aarhus universitet/PhD_AU/Python_Scripts/DiffusionModels/SBGM_SD/models_and_samples/generated_samples/samples/B2_local__HR_prcp_DANRA__SIZE_128x128__LR_prcp_ERA5__LOSS_sdfweighted__HEADS_4__TIMESTEPS_56/Figures/losses_plot_B2_local__HR_prcp_DANRA__SIZE_128x128__LR_prcp_ERA5__LOSS_sdfweighted__HEADS_4__TIMESTEPS_56.png
2026-01-27 14:38:50 | INFO    | B2_local__9ae44f48__20260127T133835Z | sbgm.training | → Generating and plotting samples at epoch 1 (new best model)...
2026-01-27 14:38:50 | INFO    | B2_local__9ae44f48__20260127T133835Z | sbgm.training | → Loaded model weights into the main model from checkpoint /Users/au728490/OneDrive - Aarhus universitet/PhD_AU/Python_Scripts/DiffusionModels/SBGM_SD/models_and_samples/trained_models/B2_local__HR_prcp_DANRA__SIZE_128x128__LR_prcp_ERA5__LOSS_sdfweighted__HEADS_4__TIMESTEPS_56.pth.tar for sampling.
2026-01-27 14:38:50 | INFO    | B2_local__9ae44f48__20260127T133835Z | sbgm.training | → Sampling using EDM sampler...
2026-01-27 14:38:50 | INFO    | B2_local__9ae44f48__20260127T133835Z | sbgm.training | [gen] Using scaling_split='train' for back-transforms.
2026-01-27 14:38:50 | INFO    | B2_local__9ae44f48__20260127T133835Z | sbgm.training | [gen] LR channel map (cfg mirror): {'order': ['prcp'], 'main_lr_cond': 'prcp', 'slices': {'prcp': {'main': (0, 1)}}, 'spaces': {'prcp': {'main': 'lr_stats'}}, 'n_channels_total': 1}
2026-01-27 14:38:50 | INFO    | B2_local__9ae44f48__20260127T133835Z | sbgm.training | [debug] back-transforms keys: ['generated', 'prcp_hr', 'prcp_lr', 'prcp_lr_hrspace', 'prcp_lr_lrspace']
2026-01-27 14:38:50 | INFO    | B2_local__9ae44f48__20260127T133835Z | sbgm.data_modules | [data][sample0] prcp_lr shape=(1, 128, 128) (expected channels=1)
2026-01-27 14:38:50 | INFO    | B2_local__9ae44f48__20260127T133835Z | sbgm.data_modules | [data][sample0] prcp_lr stats (per-channel): {'min': 0.44598308205604553, 'max': 0.7302472591400146, 'mean': 0.5670431852340698, 'std': 0.05058607459068298}
2026-01-27 14:38:51 | INFO    | B2_local__9ae44f48__20260127T133835Z | sbgm.training | → Generating 8 samples at epoch 1, batch 0...
2026-01-27 14:38:51 | INFO    | B2_local__9ae44f48__20260127T133835Z | sbgm.training |       Only plotting first 4 samples.
2026-01-27 14:38:51 | INFO    | B2_local__9ae44f48__20260127T133835Z | sbgm.score_sampling | [sampler] EDM sampler settings: sigma_min=0.002, sigma_max=80.0, rho=7.0, S_churn=2.0, S_min=40.0, S_max=80.0, S_noise=1.0
2026-01-27 14:38:51 | INFO    | B2_local__9ae44f48__20260127T133835Z | sbgm.score_sampling | [sampler] sigma*: 1.000, mode=global, ramp_frac=(0.60,0.85), ramp_sigma=(None,None)
2026-01-27 14:39:20 | INFO    | B2_local__9ae44f48__20260127T133835Z | sbgm.training | [monitor] Applying HR back-transform to generated samples.
2026-01-27 14:39:20 | INFO    | B2_local__9ae44f48__20260127T133835Z | sbgm.training | [monitor] Applying HR back-transform to ground-truth HR samples.
2026-01-27 14:39:20 | INFO    | B2_local__9ae44f48__20260127T133835Z | sbgm.monitoring | [eval/x_phys] shape=(8, 1, 128, 128), dtype=torch.float32, device=cpu, finite_ratio=131072 / 131072 (100.00%)
2026-01-27 14:39:20 | INFO    | B2_local__9ae44f48__20260127T133835Z | sbgm.monitoring | [eval/x_phys] min=0 max=175.6 mean=42.25 std=70.33 | P0=0 P1=0 P5=0 P50=0.3709 P95=175.6 P99=175.6 P99=175.6
2026-01-27 14:39:20 | INFO    | B2_local__9ae44f48__20260127T133835Z | sbgm.plotting_utils | [plot] Saved figure to /Users/au728490/OneDrive - Aarhus universitet/PhD_AU/Python_Scripts/DiffusionModels/SBGM_SD/models_and_samples/generated_samples/samples/B2_local__HR_prcp_DANRA__SIZE_128x128__LR_prcp_ERA5__LOSS_sdfweighted__HEADS_4__TIMESTEPS_56/Figures/metrics/fss_history.png
2026-01-27 14:39:20 | INFO    | B2_local__9ae44f48__20260127T133835Z | sbgm.plotting_utils | [plot] Saved figure to /Users/au728490/OneDrive - Aarhus universitet/PhD_AU/Python_Scripts/DiffusionModels/SBGM_SD/models_and_samples/generated_samples/samples/B2_local__HR_prcp_DANRA__SIZE_128x128__LR_prcp_ERA5__LOSS_sdfweighted__HEADS_4__TIMESTEPS_56/Figures/metrics/psd_history.png
2026-01-27 14:39:21 | INFO    | B2_local__9ae44f48__20260127T133835Z | sbgm.plotting_utils | [plot] Saved figure to /Users/au728490/OneDrive - Aarhus universitet/PhD_AU/Python_Scripts/DiffusionModels/SBGM_SD/models_and_samples/generated_samples/samples/B2_local__HR_prcp_DANRA__SIZE_128x128__LR_prcp_ERA5__LOSS_sdfweighted__HEADS_4__TIMESTEPS_56/Figures/metrics/quantiles_history.png
2026-01-27 14:39:23 | INFO    | B2_local__9ae44f48__20260127T133835Z | sbgm.training | → Figure saved to /Users/au728490/OneDrive - Aarhus universitet/PhD_AU/Python_Scripts/DiffusionModels/SBGM_SD/models_and_samples/generated_samples/samples/B2_local__HR_prcp_DANRA__SIZE_128x128__LR_prcp_ERA5__LOSS_sdfweighted__HEADS_4__TIMESTEPS_56/Figures/epoch_1_generatedSamples.png
2026-01-27 14:39:23 | INFO    | B2_local__9ae44f48__20260127T133835Z | sbgm.training | → Epoch 1/2 completed. 


2026-01-27 14:39:23 | INFO    | B2_local__9ae44f48__20260127T133835Z | sbgm.training | 

      ▸ Starting epoch 2/2...
2026-01-27 14:39:36 | INFO    | B2_local__9ae44f48__20260127T133835Z | sbgm.training | → Epoch 2 completed: Avg. training Loss: 0.8313
2026-01-27 14:39:36 | INFO    | B2_local__9ae44f48__20260127T133835Z | sbgm.training | [val] edm.predict_residual=False → lr_ups_baseline not built (expected).
2026-01-27 14:39:37 | INFO    | B2_local__9ae44f48__20260127T133835Z | sbgm.training | → [monitor][val] Step 0: EDM cosine metric: 0.9745
2026-01-27 14:39:37 | INFO    | B2_local__9ae44f48__20260127T133835Z | sbgm.training | → [monitor][val] Step 0: HR-LR corr: 0.6639
2026-01-27 14:39:38 | INFO    | B2_local__9ae44f48__20260127T133835Z | sbgm.training | [debug][rain_gate] Saved reliability plot to /Users/au728490/OneDrive - Aarhus universitet/PhD_AU/Python_Scripts/DiffusionModels/SBGM_SD/models_and_samples/generated_samples/samples/B2_local__HR_prcp_DANRA__SIZE_128x128__LR_prcp_ERA5__LOSS_sdfweighted__HEADS_4__TIMESTEPS_56/Figures/metrics/debug/reliability_epoch001.png
2026-01-27 14:39:38 | INFO    | B2_local__9ae44f48__20260127T133835Z | sbgm.training | → Validation Loss: 0.8397
2026-01-27 14:39:38 | INFO    | B2_local__9ae44f48__20260127T133835Z | sbgm.training | → Learning rate after epoch 2: 0.000200
2026-01-27 14:39:38 | INFO    | B2_local__9ae44f48__20260127T133835Z | sbgm.training | → Losses plot saved to /Users/au728490/OneDrive - Aarhus universitet/PhD_AU/Python_Scripts/DiffusionModels/SBGM_SD/models_and_samples/generated_samples/samples/B2_local__HR_prcp_DANRA__SIZE_128x128__LR_prcp_ERA5__LOSS_sdfweighted__HEADS_4__TIMESTEPS_56/Figures/losses_plot_B2_local__HR_prcp_DANRA__SIZE_128x128__LR_prcp_ERA5__LOSS_sdfweighted__HEADS_4__TIMESTEPS_56.png
2026-01-27 14:39:38 | INFO    | B2_local__9ae44f48__20260127T133835Z | sbgm.training | → Epoch 2/2 completed. 


2026-01-27 14:39:38 | INFO    | B2_local__9ae44f48__20260127T133835Z | sbgm.training_main | 

       === TRAINING COMPLETE ===


2026-01-27 14:39:38 | INFO    | B2_local__9ae44f48__20260127T133835Z | sbgm.logging_utils | 
═══════════════════════
   TRAINING DONE
═══════════════════════
2026-01-27 14:39:38 | INFO    | B2_local__9ae44f48__20260127T133835Z | sbgm.logging_utils | 
═════════════════════════
   QUICKLOOK START
═════════════════════════
2026-01-27 14:39:38 | INFO    | B2_local__9ae44f48__20260127T133835Z | sbgm.training_utils | Input channels: 3
2026-01-27 14:39:38 | INFO    | B2_local__9ae44f48__20260127T133835Z | sbgm.training_utils | Output channels: 1
2026-01-27 14:39:38 | INFO    | B2_local__9ae44f48__20260127T133835Z | sbgm.training_utils | Using device: cpu
2026-01-27 14:39:38 | INFO    | B2_local__9ae44f48__20260127T133835Z | sbgm.training_utils | [MODEL] use_resize_conv: False, decoder_norm: group, decoder_gn_groups: 8, decoder_activation: SiLU
